
Running 2 tests using 1 worker
